npm warn Unknown project config "auto-install-peers". This will stop working in the next major version of npm.
npm warn Unknown project config "strict-peer-dependencies". This will stop working in the next major version of npm.

> mewoc@0.1.0 test
> node --import ./tests/setup-node.js --test tests/*.test.js

✔ 附件读取期间选区随事务映射，读取完成不会跟随用户后来移动的光标 (90.304917ms)
✔ 附件读取期间 readOnly 取消迟到结果，不发布资源或残留任务锁 (10.844959ms)
✔ 附件读取期间 switching 取消迟到结果，不发布资源或残留任务锁 (22.227958ms)
✔ 附件读取期间 deleted 取消迟到结果，不发布资源或残留任务锁 (9.63975ms)
✔ 附件读取期间 unmounted 取消迟到结果，不发布资源或残留任务锁 (19.45175ms)
✔ 附件读取期间 destroyed 取消迟到结果，不发布资源或残留任务锁 (11.235833ms)
✔ 附件读取防重复并复用图片任务锁，错误后恢复状态且允许重试 (25.262291ms)
✔ 读取期间恢复其他资源后，提交前再次检查合计容量 (58.443708ms)
✔ 附件正文与原始 Blob 可保存读取，删除回收磁盘资源后撤销可重新写回 (11.926125ms)
✔ 附件资源丢失或类型不符时中止保存，不产生不完整文档 (1.831625ms)
✔ 附件版本冲突和配额异常不会删除已保存资源，重试仍可成功 (7.23325ms)
✔ 附件按不透明字节读取，缺少 MIME 时补二进制类型，空文件可以保存 (1.794959ms)
✔ 附件校验拒绝超限文件、路径、控制字符及非法 MIME，读取失败不伪装成功 (1.335917ms)
✔ 旧图片格式仍可读，附件与图片必须引用匹配种类的资源 (0.317667ms)
✔ 混合图片与附件的 Mewoc 往返保留字节、名称、类型与稳定 ID (0.721ms)
✔ 缺失内容、伪造类型、长度或 base64 均拒绝导入，缺失 Blob 拒绝导出 (3.959708ms)
✔ 5 MiB 附件可以完整往返，未引用资源不会进入导出文件 (430.683709ms)
✔ 容量按正文唯一资源引用计算，新增附件与图片共用 20 MiB 预算 (0.306042ms)
✔ 下载 URL 按二进制返回原字节，文件名进入 DOM 时不会执行 HTML (22.4315ms)
✔ 附件插入、后续文字和删除各自可撤销，只读与代码块拒绝修改 (31.12925ms)
✔ 附件内部复制只恢复已有资源，外部引用降为文字且不接受下载链接 (17.412333ms)
✔ Markdown 输出保留附件名称和大小，给出内容转换说明而不生成虚假链接 (51.981625ms)
✔ 代码目标支持单块正反选区和节点选区，排除跨块及其他节点 (67.175917ms)
✔ 转换整段保留源码并移除文字标记，拒绝含非文本节点或跨段选区 (33.66425ms)
✔ 语言修改支持节点选区，同值不更新，历史与后续输入隔开 (9.053416ms)
✔ Tab 在光标插入两空格，缩进历史与前后输入独立 (13.480209ms)
✔ 多行缩进按整行处理，下一行起点不扩选，正反向选区保持 (18.65175ms)
✔ Shift-Tab 安全处理纯空白、Tab、无缩进及光标位于前导空白 (3.312541ms)
✔ 跨块 Tab 不吞并正文，节点选区不执行缩进或换行 (4.178042ms)
✔ 换行继承已有缩进并替换选区，行首与空代码块保持安全 (7.418291ms)
✔ 退出保留源码，进入既有正文或新建正文，并支持表格内代码块 (29.579458ms)
✔ 只读、组合输入与销毁状态拒绝所有代码写操作 (12.884666ms)
✔ 六种语法的高亮片段完整还原源码，别名使用对应语法 (134.257917ms)
✔ 未知语言、空源码与单块超预算回退纯文本并保留全部字符 (0.132ms)
✔ HTML 高亮安全转义并保留语言与空白，内部粘贴恢复原始文档 (79.552917ms)
✔ HTML 文档总高亮预算只限制显示，后续代码块源码保持 (37.2885ms)
✔ 异步高亮只接收最新文档结果，不产生内容更新或撤销步骤 (344.538458ms)
✔ 销毁后返回的异步高亮不会分发事务或修改 DOM (176.435667ms)
✔ 只读仍能显示高亮，超预算或渲染失败保留源码并给出状态 (167.855ms)
✔ 组合输入期间延后高亮，结束事件后恢复 (357.246792ms)
✔ VS Code 畸形元数据不抛错，合法粘贴保留源码、语言及独立撤销 (12.102584ms)
✔ 块内粘贴保持纯文本，只读及组合输入拒绝粘贴写入 (2.0835ms)
✔ 完整粘贴链优先处理 VS Code URL 源码，普通 URL 仍给选中文字加链接 (3.750958ms)
✔ 代码粘贴优先级不改变 schema 自动填充的默认正文节点 (2.143041ms)
✔ 真实原生 dragstart/drop 移动带批注文字，锚点随文字移动且撤销完整恢复 (95.427167ms)
✔ 原生拖动复制剥离新副本锚点，保留原批注和文字格式 (27.368292ms)
✔ 最终复制状态决定锚点处理，修饰键可在拖动途中改变 (67.435375ms)
✔ 普通复制和粘贴仍剥离锚点，拖动状态不会污染后续剪贴板操作 (26.260792ms)
✔ 跨编辑器外部 HTML 拖入只复制正文和格式，不复用来源批注 (79.796292ms)
✔ 含批注段落的节点拖动复制使用原生节点选区，其余无批注拖动不受影响 (36.457834ms)
✔ 只读、切换和输入法组合期间不允许带批注的拖动写入 (30.508417ms)
✔ 批注导出：原始与当前引用、解决状态及失去引用的批注均保留 (1.729875ms)
✔ 批注 HTML：所有用户文字转义，附录为可阅读的语义列表 (55.434708ms)
✔ 没有批注的导出不生成附录，也不改变纯文本 (232.496209ms)
✔ 批注 Markdown：导出正文与完整附录，用户 Markdown/HTML 语法仍是文字 (20.37975ms)
✔ 批注 Word：明确转换说明，附录保留多行内容与 XML 特殊字符 (42.384667ms)
✔ 批注文档严格校验锚点归属，同时兼容旧文档和原文已删除的批注 (34.938ms)
✔ 清除格式保留批注和正文，撤销恢复文字样式 (10.425833ms)
✔ 格式刷不复制源批注或移除目标批注 (107.830875ms)
✔ 复制和外部 HTML 粘贴保留文字格式并移除批注 ID (10.601333ms)
✔ Mewoc 文件往返保留批注内容、状态与锚点，新 ID 不影响定位 (5.618791ms)
✔ 批注投影在上下标互换时保持可序列化，默认深比较不进入 schema 循环引用 (62.932292ms)
✔ 批注投影复用同正文的 entries，选择移动、线程新增、引用编辑与只读状态仍正确更新 (18.429042ms)
✔ 严格校验批注数组，兼容缺省，拒绝重复和非法字段 (2.218083ms)
✔ 新增批注在一次文档事务中保存锚点与元数据，统一撤销和重做 (55.212833ms)
✔ 新增批注与前后输入分别撤销，不吞掉相邻输入 (48.646583ms)
✔ 文本编辑自动映射锚点，边界输入不扩入批注，内部输入仍保留锚点 (8.202625ms)
✔ 删除全部锚点后保留批注为孤立项，撤销删除恢复定位 (3.019041ms)
✔ 重叠选区拒绝，毗邻选区可建立独立批注 (10.013584ms)
✔ 拒绝空选区、节点选区、旧文档选区及其他编辑器的选区 (7.634458ms)
✔ 跨段落、标题和列表文字可批注，格式分片仍合并相邻范围 (8.800584ms)
✔ 表格单元格的文字允许批注且 JSON 与实际位置一致 (11.20025ms)
✔ 代码块和选区内的非文本叶节点拒绝，但选区外的原子节点不影响 (76.293083ms)
✔ 批注编辑、解决、重新打开和删除均支持独立撤销，删除同时清理锚点 (27.904709ms)
✔ 同值修改无文档更新，校验字符串和操作目标，批注数量有上限 (9.576792ms)
✔ 只读和输入法组合期间拒绝写入，定位只改选区不修改文档 (6.76425ms)
✔ 元数据和锚点可 JSON 保存重开，返回副本，HTML 不泄露批注正文也不接纳锚点 (14.515416ms)
✔ 长选区截取引用但完整锚点保留，批注正文按纯文字保存 (3.278666ms)
✔ 选中文字包含非法控制字符时不生成无法持久化的批注 (4.614541ms)
✔ 旧库无历史记录直接返回空列表，手动版本不升级 DB 或修改来源 (17.535708ms)
✔ 版本列表时间倒序、只读取 metadata 前缀且不携带正文或资源 Blob (12.289917ms)
✔ 保存快照后删除 live 图片/附件仍能读取历史原始字节，普通保存不碰 history 键 (6.128666ms)
✔ 恢复前自动保留当前标题正文纸张与新资源，同事务恢复旧版本并推进 live 锁 (10.092333ms)
✔ 历史复制使用旧快照且保留后缀，来源/历史不变，live 资源隔离 (6.614458ms)
✔ 空资源历史可创建读取恢复，不产生 Blob 行 (2.371667ms)
✔ 旧基础版本和缺省基础版本不能创建、恢复或复制，来源与历史均不变 (4.899125ms)
✔ 回收后所有历史入口明确拒绝，不复活文档；恢复文档库后历史仍在 (4.400208ms)
✔ 名称/缺失版本/跨文档版本检查失败不产生半份快照 (3.578ms)
✔ 缺失 live 资源时创建或恢复整体回滚，不生成历史备份 (15.352625ms)
✔ 缺失历史资源时读取/恢复/复制失败，live 正文资源与版本不动 (5.848ms)
✔ 历史 snapshot 经 schema 校验，损坏正文或资源类型不会恢复到 live (4.668542ms)
✔ 手动快照资源写入配额异常回滚 metadata 和已排队 Blob (1.92625ms)
✔ 恢复的最终文档写入异常回滚前备份、live 资源替换及存储版本 (7.074084ms)
✔ 历史复制新记录异步写入失败回滚所有新资源，来源与快照不变 (2.968875ms)
✔ 并发恢复同基础版本只有一笔提交，失败者不增加自动备份 (2.71275ms)
✔ 旧版 DB v1 无回收字段/版本的文档可读取、重命名，无需迁移 (12.312417ms)
✔ 重命名 trim 标题并拒绝空白/超长标题，失败不更改版本和正文资源 (2.188917ms)
✔ 复制同时保留正文、图片和附件，来源记录不变且资源按文档键隔离 (3.27925ms)
✔ 100 字符原标题复制仍保留副本后缀，新副本时间独立 (1.356084ms)
✔ 回收站按顶层 deletedAt 筛选，恢复不丢失图片附件且持续递增版本 (13.465792ms)
✔ 过期重命名/复制/回收/恢复均冲突，跨标签页不能覆盖管理操作 (8.178ms)
✔ 已回收文档拒绝同版本普通保存、重命名和复制，旧会话也不能复活文档 (2.962042ms)
✔ 恢复只接受回收状态，丢失文档明确报错且不会新建记录 (3.938042ms)
✔ 缺失任一来源资源时复制整体回滚，无新增文档或半份资源 (4.104084ms)
✔ 复制资源写入配额失败回滚新记录和已排队资源，来源保持完整 (3.483167ms)
✔ 并发同版本管理操作只有一项提交，另一项冲突后可读取最终状态 (1.668916ms)
✔ 字符按码点及实际空白统计，段落覆盖标题、代码块、空段和表格内段落 (145.919208ms)
✔ 部分文字选区精确截取，下一段内容起点不计入段落，光标不生成选区统计 (13.661833ms)
✔ 跨行的CellSelection仅统计所选单元格，不统计包围盒内其他单元格 (23.305875ms)
✔ 只读全选仅改变选区，不改正文、不产生update和撤销记录 (33.031334ms)
✔ 切换、输入法组合和销毁阻止全选，节点选区统计所选文本块 (20.469791ms)
✔ 旧数据库直接提供三份内置模板，保持 v1 与 documents/asset 契约 (7.45375ms)
✔ 保存模板原子保留正文纸张资源，移除批注而不改来源及存储版本 (12.235625ms)
✔ 模板列表只扫描 metadata 前缀，内置在前且自定义不包含正文或 Blob (14.514375ms)
✔ 来源删除 live 资源或移入回收站后，独立模板仍可预览及创建实例 (8.491916ms)
✔ 模板删除只清理自身键，保留来源及已创建实例资源 (18.130708ms)
✔ 重命名推进模板版本且更新快照标题，新实例采用最新名称 (2.742667ms)
✔ 内置模板不可改名删除，版本为0，创建独立文档不改内置定义 (1.716458ms)
✔ 旧版本及非法版本不能改名删除创建模板实例，持久数据不变 (6.914167ms)
✔ 来源版本冲突、未保存及回收状态阻止保存模板，不复活源文档 (2.226458ms)
✔ 名称和ID非法时不进入写事务，空白与控制字符不能成为模板名称 (26.208666ms)
✔ 缺失来源 Blob 阻止模板保存，元信息和先读取的资源不会留下半份模板 (7.518125ms)
✔ 缺失或错类型模板资源阻止预览与实例创建，仍允许删除损坏模板 (47.12175ms)
✔ 坏模板元信息/正文/身份拒绝读取与所有写入，且不会操作其他键 (99.860875ms)
✔ 实例再次净化模板内遗留批注，不把审阅意见带到新文档 (13.260417ms)
✔ 保存模板资源写入配额错误回滚 metadata 与已排队 Blob (5.687417ms)
✔ 实例 documents.add 异步冲突回滚全部新资源，源模板保持完整 (7.031083ms)
✔ 重命名配额与删除最终请求失败均整体回滚，版本及资源保留 (42.204583ms)
✔ 同基础版本并发重命名只有一笔提交，失败者不改变已提交名称 (18.540291ms)
✔ 版本达到安全整数上限时拒绝继续递增，原模板仍可读取与创建实例 (8.925584ms)
✔ 三份内置模板都有固定身份、合法可编辑结构和纯 metadata (1.411083ms)
✔ 内置读取交付独立克隆，修改正文/列表不会改变模板定义 (0.231667ms)
✔ 纯 JSON 去批注递归清除锚点与线程，保留文字、其他属性、格式及资源 (0.203ms)
✔ 无批注的文档内容及无 marks 节点完全保留，去批注不共享可变属性 (0.1285ms)
✔ 文档拒绝未知节点、未知属性与未来版本，保留原始内容 (2.60175ms)
✔ 链接与纸张在边界拒绝非法值 (0.369417ms)
✔ 完整扩展组合：段落行距、表格和撤销后的 JSON 仍通过校验 (134.134375ms)
✔ 文字样式 HTML 往返产生的空属性可保存，非法颜色仍被拒绝 (32.9705ms)
✔ 带图文件往返保留图片字节、尺寸与资源 ID，导入另建文档 ID (2.036166ms)
✔ 声明图片但实际内容不匹配时拒绝导入 (0.401584ms)
✔ 独立 DOCX：comments.docx（明确拒绝） (21.173042ms)
✔ 独立 DOCX：embedded-style-map.docx（导入与再次导出） (249.034334ms)
✔ 独立 DOCX：empty.docx（导入与再次导出） (104.171334ms)
✔ 独立 DOCX：endnotes.docx（明确拒绝） (6.191708ms)
✔ 独立 DOCX：external-picture.docx（明确拒绝） (8.973416ms)
✔ 独立 DOCX：footnote-hyperlink.docx（明确拒绝） (6.407875ms)
✔ 独立 DOCX：footnotes.docx（明确拒绝） (3.209958ms)
✔ 独立 DOCX：simple-list.docx（导入与再次导出） (150.540333ms)
✔ 独立 DOCX：single-paragraph.docx（导入与再次导出） (135.353292ms)
✔ 独立 DOCX：strict-format.docx（明确拒绝） (13.239708ms)
✔ 独立 DOCX：strikethrough.docx（导入与再次导出） (115.810041ms)
✔ 独立 DOCX：tables.docx（导入与再次导出） (79.153917ms)
✔ 独立 DOCX：text-box.docx（导入与再次导出） (62.694125ms)
✔ 独立 DOCX：tiny-picture-target-base-relative.docx（导入与再次导出） (90.125708ms)
✔ 独立 DOCX：tiny-picture.docx（导入与再次导出） (55.734ms)
✔ 独立 DOCX：underline.docx（导入与再次导出） (89.855625ms)
✔ 独立 DOCX：utf8-bom.docx（导入与再次导出） (44.406666ms)
✔ 独立 DOCX：tbl-cell-access.docx（导入与再次导出） (75.675084ms)
✔ Word：混合内容、嵌套列表、重启编号、超链接与源码不可变 (350.267042ms)
✔ Word：横纵合并续行、同列宽度、复杂单元格与末尾段落 (89.576375ms)
✔ Word：常用公式保持可编辑结构，矩阵和重音不丢符号 (57.66775ms)
✔ Word：不支持或不合法的公式整式保留源码，XML 字符安全转义 (66.203166ms)
✔ Word：语法高亮不改变空行、中文和源码字符 (10.530125ms)
✔ Word：大代码块超预算仍保留全文 (13.982583ms)
✔ Word：长表格重复表头并允许行跨页 (121.74125ms)
✔ Word：超宽表格按可用宽度收窄，横版纸张与页边距正确 (107.634375ms)
✔ Word：无效表格网格明确拒绝，不自动修复后丢单元格 (1.308958ms)
✔ Word：缺失资源、伪造 MIME 与未知 Schema 拒绝导出 (15.055167ms)
✔ Word：分页只作用于后续列表首段，连续和末尾分页不被吞掉 (19.72625ms)
✔ Word：异步读取固定快照和资源，删除会话引用不改变导出结果 (54.759875ms)
✔ Word：取消发生在加载前、转换中或压缩期间时均不返回下载结果 (1.415417ms)
✔ DOCX 原型读取已有图文表格，独立记录且原 Buffer 不变 (447.314333ms)
✔ DOCX 复杂列表、合并与嵌套表格按语义转换并声明编号限制 (206.675417ms)
✔ DOCX 原生公式拒绝导入，避免转换器静默丢弃 (22.154666ms)
✔ DOCX 导入后真实编辑器修改、便携保存重读、再次导出保持文字和图片 (219.939292ms)
✔ DOCX 危险链接降为文字，转换 HTML 不注入页面 (6.38325ms)
✔ DOCX 外部图片关系不访问网络或本地文件 (67.691667ms)
✔ DOCX 图片文件缺失和伪造签名均拒绝，不交付缺图结果 (223.905583ms)
✔ DOCX 坏包、必要部件缺失、路径穿越拒绝 (187.03925ms)
✔ DOCX 实体声明、超深 XML、宏、修订与非空页眉拒绝 (240.402833ms)
✔ DOCX 按实际解压字节限额，高压缩比文件提前拒绝 (417.864125ms)
✔ DOCX 取消前和展开中均停止返回记录，后续重试正常 (114.194291ms)
✔ DOCX 表格缺格、合并越界与 HTML 过深拒绝 (10.632833ms)
✔ DOCX 未识别正文元素明确拒绝，不把转换器丢弃警告当成功 (98.400166ms)
✔ Word 正式转换保留 3 起编号、独立 A 列表、多段项和混合嵌套 (272.272709ms)
✔ Word 分式、上下限和矩阵转为可编辑公式，再导出仍含 OMML (167.475125ms)
✔ 同一编号被正文打断后续编，不同实例重新开始 (52.67575ms)
✔ 继承样式的编号属性、起点覆盖和罗马数字保留 (38.047792ms)
✔ 父级推进重置子级，lvlRestart=0 继续计数 (68.118334ms)
✔ 复合编号、样式链接、负数起点和缺失定义明确拒绝 (64.255084ms)
✔ Word 数学结构覆盖根式、组合上下标、大运算符、重音与括号 (0.808458ms)
✔ 未知或超限整式拒绝，不从 textContent 拼出错误公式 (0.371709ms)
✔ 纵向合并续格只允许空占位，不静默丢掉其中正文 (17.458875ms)
✔ Word 图片去重、合并及真实解码接口清理，取消不返回记录 (43.1075ms)
✔ DOCX 文件类型与大小先校验，不创建转换 Worker (0.489458ms)
✔ Worker 成功、错误、传输失败、取消均销毁且清理监听 (0.506667ms)
✔ Worker 超时和 postMessage 抛错也收口 (0.107791ms)
✔ 同一段落的多个文本框保留源顺序，文字置于所属段落之后并提示布局变化 (96.071375ms)
✔ 兼容分支只读取 Fallback 一次，嵌套兼容分支也不重复正文 (106.861667ms)
✔ 文本框内表格、格式、公式、编号及嵌套文本框可导出后重新导入 (185.323875ms)
✔ 旧式内嵌图片保留字节、与文本框的先后顺序及去重，再导出不丢图片 (143.359209ms)
✔ 纯矢量图形、艺术字和图片旁的未支持图形不能静默丢失 (60.126625ms)
✔ 旧式图片缺失关系、引用不存在或外链时拒绝，不返回残缺记录 (47.817125ms)
✔ 没有兼容分支的对象、未识别文本框及不完整文本框明确拒绝 (32.90325ms)
✔ 文本框中的修订和仅含旧式图片的页眉仍明确拒绝 (24.554125ms)
✔ 跨段自动目录及嵌套 PAGEREF 保留缓存文字，导出后变为稳定正文 (185.447708ms)
✔ 简单页码域和同一段落前后文字保留，不执行外部域 (46.346125ms)
✔ 不完整、重复分隔、无缓存或游离的域代码不能默默通过 (58.022458ms)
✔ 仅展开已识别目录和页码内容控件，数据绑定及其他控件仍拒绝 (18.243792ms)
✔ 页眉图片关系从其自身部件解析，正文同名关系不会串图，重复引用只附一次 (60.079375ms)
✔ 原生图表保留标题、分类、系列及数值，图表工作簿不执行且不进入转换 ZIP (126.134291ms)
✔ 缓存明确为零点的空图表保留系列说明，不杜撰数值 (81.809542ms)
✔ 图表缺少缓存、分类错位、重复点或非数值时明确拒绝 (57.620875ms)
✔ 只允许已转换图表的内嵌 XLSX，其他附件及外部工作簿保持拒绝 (100.721792ms)
✔ 旧式文本框的环绕和锚点锁定可降级，未知子内容不能随之丢弃 (53.311083ms)
✔ Markdown 混合普通/任务项按原顺序拆分，嵌套勾选状态经导出再次导入仍保留 (63.914417ms)
✔ Markdown 带编号的混合任务列表保留普通项的续编号，任务编号降级明确说明 (6.616209ms)
✔ Markdown 待办多段、空项、普通子列表和字面复选框文字均不丢失或误解析 (2.122834ms)
✔ Markdown 上下标只降级格式且保留兼容 marks，HTML 标签仍按源码保留 (4.83425ms)
✔ DOCX 用原生 vertAlign 输出文字上下标，正式导入保留粗体和超链接组合 (118.678834ms)
✔ DOCX 待办状态输出为可读静态标记，嵌套内容、续段和首项分页完整保留 (73.439375ms)
✔ 纯文本在副本中保留待办状态，公式、附件、硬换行与正文顺序沿用原规则 (3.984791ms)
✔ 上下标互斥、保留其它文字格式，can 探测不修改文档，HTML 往返保留语义 (51.025459ms)
✔ 最近列表层级回显和快捷键转换区分普通子列表与任务祖先 (22.7415ms)
✔ 上下标跳过代码段、行内代码和非文字节点，混合选区只修改允许的文字 (16.411917ms)
✔ 文字格式修改独立撤销，空光标上下标作用于后续输入并可清除 (11.887875ms)
✔ 格式刷复制和清除上下标，不改变待办勾选状态 (49.98725ms)
✔ 已完成任务 Enter 拆分后的新事项未完成，空任务 Enter 退出列表 (17.763625ms)
✔ 任务 Tab/Shift-Tab 保留勾选及文字，嵌套任务可独立退出 (4.24675ms)
✔ 三种列表转换保留多段和嵌套结构，普通列表转回任务重置直属勾选 (9.821167ms)
✔ 多段正文创建清单与全选单个列表切换保留段落，跨容器选区不展平 (31.569417ms)
✔ 列表支持查询与命令共用混合选区规则，结构结果不受只读切换影响 (8.935ms)
✔ 完整编辑器创建末尾待办及自动尾段共用一次撤销，勾选另占一次历史 (34.357292ms)
✔ 上下标支持查询只计算文字结构，切换只读与相反标记不会缓存禁用结果 (10.89725ms)
✔ 任务复选框真实 DOM 勾选可独立撤销，只读与组合输入不改数据也不残留视觉勾选 (8.516875ms)
✔ 只读拒绝任务及上下标命令，非法 checked 和互斥标记不能进入文件 (6.576916ms)
✔ 完整及嵌套待办通过 HTML/剪贴板保留勾选，静态复选框禁用而内部粘贴可继续编辑 (23.684167ms)
✔ 剪贴板只恢复合法任务语义和上下标，不接受事件、交互表单或异常 checked (10.353792ms)
✔ 实际剪贴板清理保留合法编号起始号与样式，拒绝越界和任意类型 (48.743084ms)
✔ 正文 focus/blur 立即更新单段装饰，返回正文后恢复，不依赖额外事务或 listener (40.930792ms)
✔ 跨段正反文字选择只标记 anchor 所在段落，选区变化不涂满全选范围 (18.611875ms)
✔ 列表、引用和表格内只装饰最近段落；祖先列表/单元格没有聚焦 class (21.318166ms)
✔ H6 与已有标题共享聚焦装饰，标题级别及导出内容保留 (3.388208ms)
✔ 只读即使仍有 DOM 焦点也不装饰，失焦状态不会被 isFocused 残值重新装饰 (2.63ms)
✔ NodeSelection、CellSelection、AllSelection 和代码选区不误标记相邻段落 (28.03975ms)
✔ 聚焦装饰不进入文档 JSON/HTML，不触发保存 revision 或创建撤销步骤 (28.44475ms)
✔ 销毁后旧 DOM 的 focus/blur 不派发事件，新会话没有残留聚焦反馈 (13.083459ms)
✔ 六级标题：共享 Schema 与 HTML 保留 H1–H6，超出范围或非整数级别拒绝 (47.68925ms)
✔ 六级标题：H4–H6 命令保留原文与段落设置，逐次独立撤销 (38.391875ms)
✔ 六级标题：默认外观保持 H1–H3，新级别字号可回显并内部粘贴 (74.223375ms)
✔ 六级标题：H4 格式刷固化字号后可保存且可撤销 (14.17925ms)
✔ 六级标题：H5 格式刷固化字号后可保存且可撤销 (15.116125ms)
✔ 六级标题：H6 格式刷固化字号后可保存且可撤销 (13.367625ms)
✔ 六级标题：Mewoc 文件往返创建独立文档并保留全部级别 (0.205375ms)
✔ 六级标题：Markdown 导入、导出与再导入均保留 1–6 级且不报压级说明 (83.772ms)
✔ 六级标题：Word 输出样式、字号和大纲级别明确，实际转换往返不压至三级 (170.65025ms)
✔ 六级标题：Word 命名样式及继承大纲识别 H4–H6，H7–H9 仅降至 H6 并说明 (2.126667ms)
✔ 六级标题：Word 转换 HTML 的 H4–H6 不依赖段落元信息也保留级别 (0.604042ms)
✔ 格式刷只复制文字与段落样式，保留链接、标题级别和内容，JSON 可保存 (72.169334ms)
✔ 格式应用独立于前后输入历史，一次撤销恢复全部样式 (16.550167ms)
✔ 重复应用相同格式不制造空撤销步骤，也不触发重复保存 (9.260458ms)
✔ 连续模式跨目标保留，空光标、节点和代码选区不消耗，普通输入终止 (10.851959ms)
✔ 普通来源清除目标样式，全选跳过代码，快照不进入新会话 (10.327459ms)
✔ Esc 和组合输入开始取消模式，只读拒绝复制和应用 (6.283541ms)
✔ 选择结束在下一帧应用，失焦、文档编辑与卸载取消待执行动作 (80.574125ms)
✔ Shift 扩选等到松键再应用，启用和取消不触发正文保存 (37.645792ms)
✔ 跨列表和表格刷文字，保留图片与表格尺寸并跳过行内代码 (14.388584ms)
✔ 格式标记偏好只接受严格布尔值，重新读取沿用上次选择 (0.309625ms)
✔ 隐私限制和配额失败不会阻止格式标记的本次视图选择 (0.078125ms)
✔ 格式标记跨标签同步及清除偏好不改变正文保存序号，卸载解除监听 (2.800416ms)
✔ 工具按正文/标题、列表和单元格收集标记，空段与显式换行都有独立位置 (46.499584ms)
✔ 代码 mark 与带内部内容的 atom 不被装饰，同类空白不跨文字格式边界合并 (5.70725ms)
✔ 开启关闭仅更新视图，JSON/HTML/文本/统计/选区/保存 revision 与撤销深度不变 (10.441333ms)
✔ 只读无事务切换立即隐藏，偏好保留且恢复编辑后显示，命令也可在只读同步偏好 (4.340084ms)
✔ 选区或重复偏好同步复用缓存，长正文和空白串不会创建逐字符 span (37.462333ms)
✔ 普通输入/换行和撤销重建正确标记，开关不占正文撤销或重做步骤 (5.257959ms)
✔ 组合输入期间只映射旧装饰，确认后安全刷新，偏好更改也等候选结束 (127.505125ms)
✔ 标记自身不可编辑/不可朗读，实际复制序列化只含原文和原始空白 (3.473458ms)
✔ Markdown、Word 与 HTML 导出不受编辑标记偏好影响，不生成标记或附加字符 (167.803792ms)
✔ 销毁清理候选结束监听/定时器，新会话默认关闭，错误参数不改偏好 (74.45225ms)
✔ 行内插入保留两侧文字，编辑、删除各自撤销，无变化不产生更新 (76.594791ms)
✔ 独立公式在段中插入分开两侧段落，后续输入单独撤销 (27.670208ms)
✔ 只读、组合输入、代码块、过期选区和原公式不匹配均拒绝写入 (10.055083ms)
✔ MathML 支持分数矩阵，拒绝非法语法、外部资源、HTML 与宏循环 (2.456375ms)
✔ 文件保存还原公式源码，schema 拒绝缺失、非法与超预算属性 (3.014083ms)
✔ 预渲染 HTML 无外链依赖，内部粘贴仅恢复源码，错误源码保留且转义 (39.744833ms)
✔ 节点异步渲染只保留最新源码，销毁后不再改 DOM (8.294875ms)
✔ 格式刷跨公式应用只修改文字，公式源码与原子结构保持 (42.806916ms)
✔ 标题 1 的实际字号显示及格式刷保留 22.5pt、字重、颜色和行距 (112.53775ms)
✔ 标题 2 的实际字号显示及格式刷保留 15pt、字重、颜色和行距 (16.909042ms)
✔ 标题 3 的实际字号显示及格式刷保留 12.75pt、字重、颜色和行距 (15.900208ms)
✔ 标题显式字号优先，混合选区按实际字号判断，空标题及清除格式正确回显 (13.610625ms)
✔ 正文刷到标题保留标题级别，并覆盖标题默认字号、颜色、字重和行距 (7.203542ms)
✔ 标题格式可内部复制、文件往返，显式字重不遮住后续加粗与取消 (32.853291ms)
✔ 相同默认外观不制造撤销步骤，显式字重在只读期间不改变 (32.278083ms)
✔ 换图保留当前全部排版字段与说明，NodeView 即时显示新 URL，独立一次撤销/重做 (30.888583ms)
✔ 读取期间改选区和前方编辑仍替换原图，期间更新的图片说明/尺寸保留 (9.550708ms)
✔ 容量排除只由目标引用的旧图，共享图片引用仍计入额度，原资源始终保留 (12.399375ms)
✔ 读取期间新增资源使容量超限时不写原图，解码所得新 URL 被释放且不登记 (5.506167ms)
✔ 删除原图后同位置重插同资源也取消，换图再撤销恢复旧资源不能复活旧任务 (8.167666ms)
✔ 读取期间表格修复的追加事务移动原图仍可提交，追加重插原图永久失效 (13.241375ms)
✔ 只读/切换中断后恢复、组合输入、销毁与会话关闭均取消读取所得图片 (15.989375ms)
✔ 失效目标、错误解码、缺失旧资源和不允许编辑均无正文或资源写入 (2.857625ms)
✔ 替换入口复用 PNG/JPEG/WebP 类型与内容校验，伪造图片和超限文件被拒绝 (0.928542ms)
✔ 图片草稿保留旧小数、省略属性默认值，锁定宽高双向计算且重新锁定当前比例 (0.869667ms)
✔ 图片尺寸、对齐、比例状态与文本验证拒绝非法值，不把越界比例计算钳制成合法尺寸 (0.161416ms)
✔ 恢复原始比例只采用已解码NodeView，保留当前宽度并避免额外资源读取 (28.469333ms)
✔ 图片设置保存一次事务且独立撤销，未改字段不覆盖期间更新，小数不被静默取整 (18.533834ms)
✔ 没有改动的保存与取消释放书签不产生正文事务 (2.423166ms)
✔ 图片书签随前方插入映射，删除后同位置同资源重插也拒绝旧草稿 (8.206125ms)
✔ 图片前方表格自动修复的追加事务会移动书签，保存仍命中原图片 (29.813ms)
✔ 追加事务删除并在原位置重插同资源图片后，旧草稿永久失效 (2.116292ms)
✔ 图片设置核对assetId和当前文档，只读、切换、组合输入、销毁均拒绝写入 (2.160083ms)
✔ 图片删除限定真实节点选区且一次撤销恢复完整设置 (1.854083ms)
✔ NodeView与静态HTML使用保存宽高、对齐及锁定，内部粘贴保留属性并拒绝外部资源 (19.84025ms)
✔ 图片HTML尺寸越界和非法对齐安全回退，旧HTML省略字段仍默认锁定 (3.938292ms)
✔ 锁定拖动在页面缩放下按原比例一次提交，解锁拖动和方向键保留高度 (24.980333ms)
✔ 图片拖动取消恢复width/height/aspectRatio/objectFit，失焦、按钮释放、只读、正文改变和组合输入不提交 (27.429334ms)
✔ 右键、其他指针和零缩放无法提交，节点销毁撤销预览并清理外部监听 (8.301708ms)
✔ 局域网 HTTP 缺少 randomUUID 时仍能新建文档、读取附件和导入文件 (5.462625ms)
✔ 编号设置规范缺省值，并支持五种编号与起始号边界 (43.330875ms)
✔ 只有同一有序列表的文字范围可设置，列表外、跨列表和整节点选择不可用 (9.364875ms)
✔ 嵌套列表只改最近层，跨层或横跨另一嵌套列表的选区不隐式修改外层 (2.986042ms)
✔ 有序列表内的无序和待办子列表阻断祖先编号设置 (10.437625ms)
✔ 前方插入和合法属性更新映射原列表，焦点切换不会改写后来选择的列表 (3.181583ms)
✔ 原列表中编辑文字时书签移动，并保留原光标的待输入格式 (4.348667ms)
✔ 原列表删除、同位置同内容替换或转换为无序列表都永久终止旧草稿 (24.097791ms)
✔ 未映射的旧文档、其他编辑会话以及 setContent 切换均不能接收旧草稿 (5.931125ms)
✔ 插件追加事务也跟踪完整原目标，不会因列表整体后移而漏掉设置 (2.303625ms)
✔ 非法草稿、只读、切换阻塞、输入法和销毁均不修改正文或当前选区 (10.732292ms)
✔ 同值不写 doc，一次修改两个字段与前后文字输入分开撤销并可重做 (9.333208ms)
✔ Markdown 导出保留块结构、列表起点、代码源码及公式 (2.488458ms)
✔ 相邻文本标记合并为连续范围，保留内层不同标记和链接 (0.258417ms)
✔ 普通矩形表格保留列对齐、公式和标记并报告布局差异 (0.282583ms)
✔ 富表格降为逐格正文，保留多段、图片说明、公式与嵌套引用 (0.25425ms)
✔ 无法表达的样式只报告一次，原始文字及危险围栏语言不作为语法注入 (0.143416ms)
✔ 未知节点与文字标记显式失败，行内换行报告归一化 (0.214917ms)
✔ 图片使用替代文本或文件名说明，不导出内部资源 ID 和本地目录 (1.337041ms)
✔ 实际 Markdown 序列化往返保留交叉标记、字面符号与代码围栏 (4.775375ms)
✔ GFM 表格转义竖线与代码；无法表达的公式和换行降级后源码完整 (2.865958ms)
✔ 超出九位的起始编号从一重新编号并明确报告原始起点 (1.134375ms)
✔ 空段落按 Markdown 规则折叠并报告，非空正文保持完整 (0.204583ms)
✔ 粗斜体边缘空白无损往返，删除线仅移出边缘空白并保留文字 (1.448416ms)
✔ 应用入口往返把带标记的硬换行放在标记外，不泄漏字符实体或分隔符 (15.596667ms)
✔ 应用入口往返保留普通与带标记正文的连续换行，不拆段或泄漏分隔符 (17.429459ms)
✔ 段首和段中连续硬换行可保留，段尾硬换行明确移除且不产生反斜杠正文 (2.872667ms)
✔ 含换行标题降为正文并报告级别，行内代码连续换行明确转换为空格 (6.587542ms)
✔ 仅含换行的文字或硬换行仍报告下划线与文字样式的降级 (0.605166ms)
✔ Markdown 导入完整结构并通过既有 schema，创建独立文档 (102.705959ms)
✔ 六级标题和任务状态保留，脚注及图片按约定保留内容并说明 (11.275417ms)
✔ 引用链接先解引用，危险和相对地址作为文字，HTML 不执行 (22.793458ms)
✔ 代码附加参数与过长语言报告降级，源码中的公式和 HTML 保持原样 (2.531958ms)
✔ 重复链接定义取首条，空引用可载入，不齐表格补齐且保留多余列 (9.748959ms)
✔ 空或超长公式保留原始文字，公式总量越界则拒绝新建 (5.023042ms)
✔ UTF-8 文件与源码边界拒绝截断、二进制、空内容及超限 (0.648916ms)
✔ AST 深度、节点数与未知节点不被静默接受 (2.412542ms)
✔ 空链接和空图片地址不产生 undefined，零起点编号明确报告 (1.349125ms)
✔ 导入导出 Markdown 保留公式、嵌套标记和代码，原快照不变 (4.855709ms)
✔ 光标、跨段选区与下一段起点边界只改变应选段落，一次撤销恢复 (31.755167ms)
✔ 参数非法、只读、组合输入与节点选区均不写入 (12.707375ms)
✔ 段落切标题、Enter 分段继承缩进，列表层级命令仍可使用 (11.207792ms)
✔ 表格内文字可缩进，全选不改代码块和结构 (14.222833ms)
✔ HTML 和清理后的内部粘贴保留缩进，非法 CSS 单位及越界值不带入 (12.664625ms)
✔ 格式刷复制缩进，普通来源清除目标缩进 (13.962041ms)
✔ 旧文件补默认属性，新文件往返保存缩进，非法 JSON 拒绝 (4.071541ms)
✔ 段落文件契约接受默认、零、半磅与布尔值，拒绝越界、CSS 和伪布尔 (1.550167ms)
✔ 段落内部 HTML 往返保留全部新属性与既有行距缩进，默认仍为空 (33.553125ms)
✔ 粘贴非法段距与分页 CSS 不进入正文，旧分页写法按允许值解析 (5.220917ms)
✔ 格式刷复制段落精细设置且保留目标类型，一次撤销；来源默认恢复目标默认 (22.466042ms)
✔ Mewoc 往返完整保留段落设置与默认含义，导入创建独立 ID (0.529166ms)
✔ Word 使用 twip 输出显式间距，false 覆盖标题同页默认且默认正文不被更改 (41.287792ms)
✔ Word 列表、引用、单元格内显式段距优先于上下文默认，文字和编号保留 (7.911041ms)
✔ Markdown 保留所有正文并说明间距和分页设置损失，显式 false 也被报告 (36.534291ms)
✔ 段落布局属性默认 null，0/false 明确关闭，严格验证半磅范围 (0.602917ms)
✔ HTML 往返保留磅数及分页 true/false，默认标题不写覆盖默认 CSS 的 inline style (56.827167ms)
✔ HTML 解析仅接收安全 pt 与 avoid/auto，兼容旧分页属性并拒绝未知 CSS (4.297125ms)
✔ 光标、跨段选区及全文选择收集段落/标题，排除代码块和结束起点的下一段 (13.112791ms)
✔ 多段混合值仅更新 patch 字段，未编辑的默认/0/false 和异样式保留 (3.237917ms)
✔ 选区从空段或段末开始仍包含起始段，但结束仅触碰下一段起点时排除下一段 (11.998625ms)
✔ 整段和标题 NodeSelection 支持段落设置，代码节点选择没有适用目标 (3.162791ms)
✔ CellSelection 只收集被选单元格里的段落，不扩大到中间未选的列 (11.075ms)
✔ 列表和被选外层单元格内的嵌套表格段落都属于原选择内容 (4.1595ms)
✔ 前方插段落、段首插字/删字/删全部内容都映射原节点，当前选区改变不重新指向 (3.149042ms)
✔ 合法 setNodeMarkup 和标题类型切换保留目标，同时多步事务完成节点映射 (2.356541ms)
✔ 紧贴原段落前插入新段只移动原目标；split 后保留原段而不转向新增段落 (12.405459ms)
✔ 原段落删除、同位替换、join 消失或转为代码块后拒绝整个草稿 (17.741292ms)
✔ 未映射的旧 doc 与任一选中段落丢失均拒绝保存，未受影响段落不被部分提交 (2.163875ms)
✔ 一次保存只产生一个正文更新，并与前后文字输入分开撤销；同值 patch 不产生更新 (4.163416ms)
✔ patch 白名单、只读、切换、输入法和销毁守卫拒绝修改正文 (11.336625ms)
✔ 正文与H1–H6转换保留文字marks及段落精细属性，不触碰未选段落 (62.710666ms)
✔ 卡片应用保留原光标的待输入格式，标题改变之后输入仍使用显式字号 (20.3895ms)
✔ 混合样式无假选中，结束只触及下一段起点时不统一该段，代码块无适用目标 (21.361041ms)
✔ 全选和段落NodeSelection支持样式，单次撤销不吞并之前输入 (18.851584ms)
✔ CellSelection仅改实际选中单元格段落，保留表格结构和选区 (28.609333ms)
✔ 打开图库后移动光标仍应用原目标，普通和追加事务都映射原段落 (8.773458ms)
✔ 整段同位置替换、删除再插入及追加事务替换均不能收到旧样式目标 (27.436875ms)
✔ 只读、切换、组合输入、销毁、非法级别与过期doc拒绝写入 (8.68525ms)
✔ 相同样式不增加正文更新，仍恢复图库打开前的原选区 (5.208084ms)
✔ 最后一段切标题后的自动末尾段追加事务保持原目标且跟本次样式一起撤销 (13.64125ms)
✔ 列表首段不能换成标题时整批操作拒绝，重新选择正文后仍能应用新样式且保持列表 (4.525458ms)
✔ 方向键能展开并遍历全部卡片，Home/End定位且上下按两行关系移动 (0.179959ms)
✔ 内部图表 HTML 粘贴保留精细外观、跨行跨列合并、列宽及图片自由比例属性 (40.4535ms)
✔ 零内边距与零边框宽度经过清理后保持零，none 边框模式可独立保留 (12.7925ms)
✔ 表格行高合法边界和旧列宽占位零保留，非法高度、合并范围与列宽被过滤 (6.436459ms)
✔ 恶意 CSS、事件、外链源与非法精细属性被清理为安全默认，不影响正文 (6.233834ms)
✔ 图片各对齐模式、锁定真假和 1–20000 尺寸边界在内部粘贴中保留 (33.710208ms)
✔ 新增图表清理保留原有粗体、文字样式、段落缩进行距和安全链接 (5.274625ms)
✔ 精细设置 Word：列宽、最小行高、单元格颜色和垂直对齐、边框、内边距使用正确单位 (78.544209ms)
✔ 精细设置 Word：纵向合并续行继承外观，零粗细或无边框不产生可见线 (37.456083ms)
✔ 精细设置 Word：窄列内边距只缩减到可用范围并报告，源设置仍完整 (15.231916ms)
✔ 精细设置 Word：图片位置、自由拉伸尺寸和替代文本/说明完整输出 (25.987166ms)
✔ 精细设置 Markdown：文字保留，布局限制逐类提示且去重 (82.048333ms)
✔ 精细设置 Mewoc：全部属性、资源和小数图片尺寸原样传递，导入创建新 ID (1.770667ms)
✔ 精细设置契约：非法颜色、枚举、尺寸和 CSS 不能通过文件校验 (1.022458ms)
✔ 打印等待资源期间会话结束：立即释放 iframe，迟到资源不再触发打印 (0.647083ms)
✔ 打印只在资源就绪后调用，afterprint 释放 iframe (0.097167ms)
✔ 系统打印窗口停留超过一分钟仍保留输出，关闭后重复清理不访问失效窗口 (0.480708ms)
✔ 浏览器未发送 afterprint 时由会话清理释放，清理可重复调用 (0.106083ms)
✔ 日期时间采用本机日历和补零，凌晨日期不被 UTC 截取移到前一天 (0.81625ms)
✔ 字符替换打开时的文字范围，移动当前光标不改目标且前后输入分别撤销 (25.854958ms)
✔ 表情保留原光标待输入样式，HTML 外形文本不被解析成节点 (18.038333ms)
✔ 插件追加插入与合法段落转标题事务映射原目标，避免写入前置段落 (7.575458ms)
✔ 同位置整段替换和删除原文字范围永久使书签失效，撤销不能复活旧草稿 (11.586125ms)
✔ 分段或合段不能让原光标重定向到另一个文字块，未跟踪事务也安全拒绝 (20.669834ms)
✔ 代码块和单元格内文字仍插入普通文本，整表、多格和全选不隐式替换结构 (16.74ms)
✔ 支持状态只依赖文字选区，可编辑恢复无需新事务；实时编辑和 IME 守卫阻止写入 (3.428417ms)
✔ 非法内容和控制字符不能写入正文，也不改变原选区 (4.088042ms)
✔ 双会话存储版本冲突不会覆盖已保存文档 (6.454666ms)
✔ 资源与文档原子保存，缺失资源时整笔写入中止 (9.166792ms)
✔ 不同文档的同名资源 ID 不会互相覆盖 (3.90825ms)
✔ 删除图片后保存清理磁盘资源，保留会话 Blob 可供撤销恢复 (10.644833ms)
✔ 配额写入异常回滚已排队的资源删除，版本不变且允许重试 (10.590417ms)
✔ 异步写入失败也回滚资源删除与文档版本 (1.827833ms)
✔ 字号按既有白名单上下步进，混合默认12pt，最小最大不能越界 (0.806291ms)
✔ 真实混合选区步进统一显式字号，单次undo保留前次输入，再次步进独立撤销 (62.518ms)
✔ 空选区字号步进保留其他待输入mark，边界字号操作不写文档 (10.096084ms)
✔ 只读、切换、输入法组合中和销毁后，字号及弹层缩进均拒绝修改 (8.698917ms)
✔ 缩进弹层遵循原选区映射，只改变dirty字段并独立undo，不随新光标改目标 (9.846167ms)
✔ 缩进弹层跟踪插件追加事务，插入前置段落后仍改原段而不触碰新段 (5.802ms)
✔ 原段落同位置整体替换后弹层失效，非法缩进不能写入 (4.14075ms)
✔ 全选缩进不触碰代码块和表格结构，原节点选区不支持缩进弹层 (14.057792ms)
✔ 保存期间继续输入时，旧响应不会确认新版本；后续写入串行 (6.29025ms)
✔ 失败不显示已保存，重试使用原始存储版本 (0.447209ms)
✔ 会话结束后，迟到响应不再更新 UI (1.450625ms)
✔ 表格尺寸校验限制整数和总单元格数，缺省使用表头行 (0.607375ms)
✔ 自定义行列数和表头按实际 schema 插入，光标落入第一格 (28.936541ms)
✔ 原文字范围被表格替换，后来移动当前光标不会重定向插入 (9.523958ms)
✔ 正文前方插入和插件追加事务映射目标，段落改标题仍允许插入 (4.363916ms)
✔ 删除目标和同位置整段替换会使草稿失效，撤销不能复活旧插入目标 (6.595542ms)
✔ 表格内文字目标在原表之后插入，保留原表内容并防止嵌套 (6.639959ms)
✔ 表格属性修改不丢失目标，整表删除或同位置替换拒绝后插 (8.819875ms)
✔ 文末表格和导入的嵌套表格都在最外层表格之后插入 (3.813041ms)
✔ 多格、整表、全选及跨表格边界文字范围禁用插入 (2.507083ms)
✔ 插入前后输入分别撤销，表格插入和重做各为一个独立步骤 (4.36125ms)
✔ 非法尺寸、只读、切换中和 IME 都不改正文或选区，恢复编辑后可直接使用 (2.998375ms)
✔ 表格外观默认值、HTML 样式与安全解析使用统一白名单 (46.394125ms)
✔ 多单元格混合值只更新 dirty 字段，边框以整张表的范围读取和应用 (14.246875ms)
✔ 合并单元格覆盖的逻辑列同步全表 colwidth，跨行对应实际行高 (6.097958ms)
✔ 嵌套表格设置仅触及最近的内层表格 (12.001167ms)
✔ 书签跟随前方输入和外观事务，切换到别的表格仍修改打开时的目标 (12.429375ms)
✔ 同位置替换整表或删除选中列使旧目标失效，保留正文不误写替代节点 (9.340667ms)
✔ Tiptap 追加的列宽修复事务也映射书签，外观更新不会使目标失效 (6.318042ms)
✔ 均分读取 DOM 布局宽度，不把缩放后的屏幕宽度写入列宽 (3.908167ms)
✔ 保存在一个正文事务中完成，撤销与前后文字输入隔离，无改动不产生更新 (5.728334ms)
✔ 均分列宽按未缩放数据宽度安全计算，未知宽度拒绝，输入白名单和编辑守卫不修改正文 (8.124958ms)
✔ 12 种快捷对齐沿原多单元格书签应用，垂直和水平一次撤销且保留其余样式 (58.228042ms)
✔ 选中外层单元格对齐其列表、引用和标题段落，排除内嵌表格与代码块 (6.133208ms)
✔ 水平对齐字段严格验证，缺少扩展或代码单元格拒绝整次组合应用 (6.064625ms)
✔ 快捷底色保留光标输入格式；点击已有设置回原单元格而不写正文历史 (3.395875ms)
✔ 首行首段属性变化和前方插行插列保留原 cell，整个 cell 同位替换永久失效 (4.78ms)
✔ 颜色输入只接受完整的不透明 HEX，未完成或无效草稿不产生可应用颜色 (0.653959ms)
✔ HSB 在黑色中记住色相，重新增加亮度得到预期蓝色且强制不透明 (3.37075ms)
✔ 数值草稿拒绝越界、空值和小数，编辑一个通道保留其他通道的原始精度 (0.201125ms)
✔ 无偏好和非法偏好跟随系统，合法选择保存并可重新读取 (0.434917ms)
✔ 系统变化只影响跟随系统，返回跟随系统立即使用当前值 (0.108834ms)
✔ 跨页设置、删除和清空同步，其他键及 sessionStorage 不影响主题 (0.086208ms)
✔ 存储读写异常不阻断本页主题，重试成功清除错误 (0.099667ms)
✔ 卸载移除全部监听，重新挂载读取最新系统状态 (0.054792ms)
✔ 工具栏溢出按完整容器判断，箭头占位不会在窗口变宽后制造假溢出 (0.567708ms)
✔ 滚动边界考虑小数误差、浏览器负值和内容缩小后过期的 scrollLeft (0.084041ms)
✔ 翻页使用当前可见宽度且限制在真实滚动范围，不依赖固定屏幕分辨率 (0.069459ms)
✔ 工具栏偏好只接受已知模式，重开时恢复选择 (0.279042ms)
✔ 浏览器存储访问或写入受限时，工具栏初始化与模式切换不抛异常 (0.069166ms)
ℹ tests 483
ℹ suites 0
ℹ pass 483
ℹ fail 0
ℹ cancelled 0
ℹ skipped 0
ℹ todo 0
ℹ duration_ms 5798.067584
