npm warn Unknown project config "auto-install-peers". This will stop working in the next major version of npm.
npm warn Unknown project config "strict-peer-dependencies". This will stop working in the next major version of npm.

> mewoc@0.1.0 build
> rsbuild build

Rsbuild v1.7.6

info    build started...
ready   built in 2.64 s

File (web)                                          Size        Gzip   
dist/static/js/async/852.e7aae69b.js                0.38 kB     0.33 kB
dist/static/js/async/814.65ea178a.js                0.51 kB     0.38 kB
dist/index.html                                     1.1 kB      0.68 kB
dist/favicon.ico                                    5.3 kB   
dist/static/js/async/793.a4b44d7b.js                8.3 kB      3.9 kB
dist/static/js/async/138.0aff2cd7.js                16.7 kB     6.5 kB
dist/static/js/async/323.9f0c75fe.js                19.6 kB     8.3 kB
dist/static/js/async/97.24d2be8a.js                 31.8 kB     12.3 kB
dist/static/js/async/359.787affb7.js                50.7 kB     17.8 kB
dist/static/css/index.dcacfdb0.css                  73.5 kB     14.2 kB
dist/static/image/mewoc-logo-v3-tiny.40edf9a0.png   111.7 kB 
dist/static/js/async/17.faf37759.js                 123.4 kB    34.8 kB
dist/static/js/lib-react.9927f934.js                148.2 kB    46.4 kB
dist/static/js/async/973.fdc54647.js                263.6 kB    76.9 kB
dist/static/js/async/655.5e9c6661.js                357.2 kB    98.8 kB
dist/static/js/index.ab283b7f.js                    383.1 kB    117.1 kB
dist/static/js/async/841.8c77d79b.js                521.2 kB    132.1 kB
dist/static/js/688.ebf1bd6b.js                      1427.4 kB   435.6 kB

                                           Total:   3543.6 kB   1123.0 kB

