npm warn Unknown project config "auto-install-peers". This will stop working in the next major version of npm.
npm warn Unknown project config "strict-peer-dependencies". This will stop working in the next major version of npm.

> mewoc@0.1.0 build
> rsbuild build

Rsbuild v1.7.6

info    build started...
ready   built in 1.02 s

File (web)                                          Size        Gzip   
dist/static/js/async/852.e7aae69b.js                0.38 kB     0.33 kB
dist/static/js/async/814.65ea178a.js                0.51 kB     0.38 kB
dist/index.html                                     1.1 kB      0.68 kB
dist/favicon.ico                                    5.3 kB   
dist/static/js/async/793.a4b44d7b.js                8.3 kB      3.9 kB
dist/static/js/async/138.195da93f.js                16.6 kB     6.5 kB
dist/static/js/async/248.4d94e02b.js                17.9 kB     7.6 kB
dist/static/js/async/97.24d2be8a.js                 31.8 kB     12.3 kB
dist/static/js/async/359.787affb7.js                50.7 kB     17.8 kB
dist/static/css/index.30ce987f.css                  70.4 kB     13.6 kB
dist/static/image/mewoc-logo-v3-tiny.40edf9a0.png   111.7 kB 
dist/static/js/async/17.faf37759.js                 123.4 kB    34.8 kB
dist/static/js/lib-react.9927f934.js                148.2 kB    46.4 kB
dist/static/js/async/973.fdc54647.js                263.6 kB    76.9 kB
dist/static/js/async/655.84909fdb.js                357.1 kB    98.7 kB
dist/static/js/index.a48b5e5b.js                    371.9 kB    113.4 kB
dist/static/js/async/841.8c77d79b.js                521.2 kB    132.1 kB
dist/static/js/433.786f0b58.js                      1438.5 kB   438.2 kB

                                           Total:   3538.5 kB   1120.5 kB

